<html>
<body>
<pre>
<h1>µVision Build Log</h1>
<h2>Tool Versions:</h2>
IDE-Version: µVision V5.36.0.0
Copyright (C) 2021 ARM Ltd and ARM Germany GmbH. All rights reserved.
License Information: kek kek, kek, LIC=----
 
Tool Versions:
Toolchain:       MDK-Lite  Version: 5.36.0.0
Toolchain Path:  C:\Keil_v5\ARM\ARMCC\Bin
C Compiler:      Armcc.exe V5.06 update 7 (build 960)
Assembler:       Armasm.exe V5.06 update 7 (build 960)
Linker/Locator:  ArmLink.exe V5.06 update 7 (build 960)
Library Manager: ArmAr.exe V5.06 update 7 (build 960)
Hex Converter:   FromElf.exe V5.06 update 7 (build 960)
CPU DLL:         SARMCM3.DLL V5.36.0.0
Dialog DLL:      DCM.DLL V1.17.3.0
Target DLL:      STLink\ST-LINKIII-KEIL_SWO.dll V3.0.9.0
Dialog DLL:      TCM.DLL V1.53.0.0
 
<h2>Project:</h2>
D:\misha\bmstu\BRT\myutc\fot_git\myutc\myutc\MDK-ARM\myutc.uvprojx
Project File Date:  07/08/2022

<h2>Output:</h2>
*** Using Compiler 'V5.06 update 7 (build 960)', folder: 'C:\Keil_v5\ARM\ARMCC\Bin'
Rebuild target 'myutc'
assembling startup_stm32f105xc.s...
compiling stm32f1xx_hal_gpio_ex.c...
compiling stm32f1xx_hal_pcd_ex.c...
compiling stm32f1xx_hal_gpio.c...
compiling stm32f1xx_hal.c...
compiling stm32f1xx_hal_msp.c...
compiling stm32f1xx_hal_pcd.c...
compiling stm32f1xx_ll_usb.c...
compiling stm32f1xx_hal_dma.c...
compiling stm32f1xx_it.c...
compiling stm32f1xx_hal_rcc.c...
compiling main.c...
../USB_DEVICE/App/usbd_cdc_if.h(139): warning:  #1295-D: Deprecated declaration GoTo - give arg types
  extern void GoTo();
../Core/Src/main.c(30): warning:  #177-D: variable "Erase_struct"  was declared but never referenced
  static FLASH_EraseInitTypeDef Erase_struct;
../Core/Src/main.c: 2 warnings, 0 errors
compiling stm32f1xx_hal_rcc_ex.c...
compiling usbd_desc.c...
compiling stm32f1xx_hal_cortex.c...
compiling stm32f1xx_hal_flash.c...
compiling stm32f1xx_hal_flash_ex.c...
compiling stm32f1xx_hal_exti.c...
compiling stm32f1xx_hal_pwr.c...
compiling stm32f1xx_hal_tim_ex.c...
compiling usb_device.c...
../USB_DEVICE/App/usbd_cdc_if.h(139): warning:  #1295-D: Deprecated declaration GoTo - give arg types
  extern void GoTo();
../USB_DEVICE/App/usb_device.c: 1 warning, 0 errors
compiling stm32f1xx_hal_can.c...
compiling system_stm32f1xx.c...
compiling usbd_cdc_if.c...
../USB_DEVICE/App/usbd_cdc_if.h(139): warning:  #1295-D: Deprecated declaration GoTo - give arg types
  extern void GoTo();
../USB_DEVICE/App/usbd_cdc_if.c(351): warning:  #940-D: missing return statement at end of non-void function "CDC_Receive_FS" 
  }
../USB_DEVICE/App/usbd_cdc_if.c: 2 warnings, 0 errors
compiling usbd_ioreq.c...
compiling stm32f1xx_hal_tim.c...
compiling usbd_ctlreq.c...
compiling usbd_core.c...
compiling usbd_cdc.c...
compiling usbd_conf.c...
linking...
Program Size: Code=14720 RO-data=384 RW-data=476 ZI-data=14732  
FromELF: creating hex file...
"myutc\myutc.axf" - 0 Error(s), 5 Warning(s).

<h2>Software Packages used:</h2>

Package Vendor: ARM
                http://www.keil.com/pack/ARM.CMSIS.5.8.0.pack
                ARM.CMSIS.5.8.0
                CMSIS (Common Microcontroller Software Interface Standard)
   * Component: CORE Version: 5.5.0

Package Vendor: Keil
                http://www.keil.com/pack/Keil.STM32F1xx_DFP.2.3.0.pack
                Keil.STM32F1xx_DFP.2.3.0
                STMicroelectronics STM32F1 Series Device Support, Drivers and Examples

<h2>Collection of Component include folders:</h2>
  .\RTE\_myutc
  C:\Users\bakul\AppData\Local\Arm\Packs\ARM\CMSIS\5.8.0\CMSIS\Core\Include
  C:\Users\bakul\AppData\Local\Arm\Packs\Keil\STM32F1xx_DFP\2.3.0\Device\Include

<h2>Collection of Component Files used:</h2>

   * Component: ARM::CMSIS:CORE:5.5.0
      Include file:  CMSIS\Core\Include\tz_context.h
Build Time Elapsed:  00:00:14
</pre>
</body>
</html>
